
> dpdp-compliance-frontend@0.1.0 build
> react-scripts build

(node:25016) [DEP0176] DeprecationWarning: fs.F_OK is deprecated, use fs.constants.F_OK instead
(Use `node --trace-deprecation ...` to show where the warning was created)
Creating an optimized production build...
Compiled with warnings.

[eslint] 
src\FileSharing.jsx
  Line 6:10:  'completedShares' is assigned a value but never used     no-unused-vars
  Line 6:27:  'setCompletedShares' is assigned a value but never used  no-unused-vars

Search for the keywords to learn more about each warning.
To ignore, add // eslint-disable-next-line to the line before.

File sizes after gzip:

  58.22 kB  build\static\js\main.1b6746f4.js
  2.28 kB   build\static\css\main.6106bee3.css

The project was built assuming it is hosted at /.
You can control this with the homepage field in your package.json.

The build folder is ready to be deployed.
You may serve it with a static server:

  serve -s build

Find out more about deployment here:

  https://cra.link/deployment

